NAMESPACE            NAME                                             READY   STATUS      RESTARTS        AGE
ingress-nginx        pod/ingress-nginx-admission-create-27kpm         0/1     Completed   0               8m40s
ingress-nginx        pod/ingress-nginx-admission-patch-fgfpx          0/1     Completed   0               8m40s
ingress-nginx        pod/ingress-nginx-controller-6d795b6545-8gxx6    1/1     Running     0               8m40s
kube-system          pod/coredns-668d6bf9bc-klls5                     1/1     Running     1 (26h ago)     3d22h
kube-system          pod/coredns-668d6bf9bc-v5zdz                     1/1     Running     1 (26h ago)     3d22h
kube-system          pod/etcd-kind-control-plane                      1/1     Running     0               26h
kube-system          pod/kindnet-2bc9d                                1/1     Running     1 (26h ago)     3d22h
kube-system          pod/kindnet-92z9t                                1/1     Running     1 (26h ago)     3d22h
kube-system          pod/kindnet-jhjp7                                1/1     Running     1 (26h ago)     3d22h
kube-system          pod/kindnet-jzrtl                                1/1     Running     1 (26h ago)     3d22h
kube-system          pod/kindnet-tt8kp                                1/1     Running     1 (26h ago)     3d22h
kube-system          pod/kindnet-x28jb                                1/1     Running     1 (26h ago)     3d22h
kube-system          pod/kindnet-xzfbc                                1/1     Running     1 (26h ago)     3d22h
kube-system          pod/kube-apiserver-kind-control-plane            1/1     Running     0               26h
kube-system          pod/kube-controller-manager-kind-control-plane   1/1     Running     1 (26h ago)     3d22h
kube-system          pod/kube-proxy-85sxh                             1/1     Running     1 (26h ago)     3d22h
kube-system          pod/kube-proxy-89c9w                             1/1     Running     1 (26h ago)     3d22h
kube-system          pod/kube-proxy-dwq8n                             1/1     Running     1 (26h ago)     3d22h
kube-system          pod/kube-proxy-nvtb5                             1/1     Running     1 (26h ago)     3d22h
kube-system          pod/kube-proxy-qdzqh                             1/1     Running     1 (26h ago)     3d22h
kube-system          pod/kube-proxy-vjcgq                             1/1     Running     1 (26h ago)     3d22h
kube-system          pod/kube-proxy-zf8s4                             1/1     Running     1 (26h ago)     3d22h
kube-system          pod/kube-scheduler-kind-control-plane            1/1     Running     3 (26h ago)     3d22h
local-path-storage   pod/local-path-provisioner-58cc7856b6-4cv4h      1/1     Running     2 (26h ago)     3d22h
mysql                pod/mysql-0                                      1/1     Running     0               21h
mysql                pod/mysql-1                                      1/1     Running     0               21h
todoapp              pod/todoapp-5cd956f489-hdrp4                     0/1     Running     0               21h
todoapp              pod/todoapp-5cd956f489-rsm44                     1/1     Running     1 (5h18m ago)   21h

NAMESPACE       NAME                                         TYPE        CLUSTER-IP      EXTERNAL-IP   PORT(S)                      AGE
default         service/kubernetes                           ClusterIP   10.96.0.1       <none>        443/TCP                      3d22h
ingress-nginx   service/ingress-nginx-controller             NodePort    10.96.42.226    <none>        80:32198/TCP,443:30576/TCP   8m40s
ingress-nginx   service/ingress-nginx-controller-admission   ClusterIP   10.96.126.204   <none>        443/TCP                      8m40s
kube-system     service/kube-dns                             ClusterIP   10.96.0.10      <none>        53/UDP,53/TCP,9153/TCP       3d22h
mysql           service/mysql                                ClusterIP   None            <none>        3306/TCP                     21h
todoapp         service/todoapp-nodeport                     NodePort    10.96.112.37    <none>        80:30007/TCP                 21h
todoapp         service/todoapp-service                      ClusterIP   10.96.41.18     <none>        80/TCP                       21h

NAMESPACE     NAME                        DESIRED   CURRENT   READY   UP-TO-DATE   AVAILABLE   NODE SELECTOR            AGE
kube-system   daemonset.apps/kindnet      7         7         7       7            7           kubernetes.io/os=linux   3d22h
kube-system   daemonset.apps/kube-proxy   7         7         7       7            7           kubernetes.io/os=linux   3d22h

NAMESPACE            NAME                                       READY   UP-TO-DATE   AVAILABLE   AGE
ingress-nginx        deployment.apps/ingress-nginx-controller   1/1     1            1           8m40s
kube-system          deployment.apps/coredns                    2/2     2            2           3d22h
local-path-storage   deployment.apps/local-path-provisioner     1/1     1            1           3d22h
todoapp              deployment.apps/todoapp                    1/2     2            1           21h

NAMESPACE            NAME                                                  DESIRED   CURRENT   READY   AGE
ingress-nginx        replicaset.apps/ingress-nginx-controller-6d795b6545   1         1         1       8m40s
kube-system          replicaset.apps/coredns-668d6bf9bc                    2         2         2       3d22h
local-path-storage   replicaset.apps/local-path-provisioner-58cc7856b6     1         1         1       3d22h
todoapp              replicaset.apps/todoapp-5cd956f489                    2         2         1       21h

NAMESPACE   NAME                     READY   AGE
mysql       statefulset.apps/mysql   2/2     21h

NAMESPACE   NAME                                          REFERENCE            TARGETS                                     MINPODS   MAXPODS   REPLICAS   AGE
todoapp     horizontalpodautoscaler.autoscaling/todoapp   Deployment/todoapp   cpu: <unknown>/70%, memory: <unknown>/70%   2         5         2          21h

NAMESPACE       NAME                                       STATUS     COMPLETIONS   DURATION   AGE
ingress-nginx   job.batch/ingress-nginx-admission-create   Complete   1/1           11s        8m40s
ingress-nginx   job.batch/ingress-nginx-admission-patch    Complete   1/1           12s        8m40s

NAMESPACE            NAME                                                             DATA   AGE
default              configmap/kube-root-ca.crt                                       1      3d22h
ingress-nginx        configmap/ingress-nginx-controller                               0      8m40s
ingress-nginx        configmap/kube-root-ca.crt                                       1      8m41s
kube-node-lease      configmap/kube-root-ca.crt                                       1      3d22h
kube-public          configmap/cluster-info                                           1      3d22h
kube-public          configmap/kube-root-ca.crt                                       1      3d22h
kube-system          configmap/coredns                                                1      3d22h
kube-system          configmap/extension-apiserver-authentication                     6      3d22h
kube-system          configmap/kube-apiserver-legacy-service-account-token-tracking   1      3d22h
kube-system          configmap/kube-proxy                                             2      3d22h
kube-system          configmap/kube-root-ca.crt                                       1      3d22h
kube-system          configmap/kubeadm-config                                         1      3d22h
kube-system          configmap/kubelet-config                                         1      3d22h
local-path-storage   configmap/kube-root-ca.crt                                       1      3d22h
local-path-storage   configmap/local-path-config                                      4      3d22h
mysql                configmap/kube-root-ca.crt                                       1      21h
mysql                configmap/mysql                                                  1      21h
todoapp              configmap/app-config                                             1      21h
todoapp              configmap/kube-root-ca.crt                                       1      21h

NAMESPACE       NAME                                   TYPE                 DATA   AGE
default         secret/sh.helm.release.v1.todoapp.v1   helm.sh/release.v1   1      21h
default         secret/sh.helm.release.v1.todoapp.v2   helm.sh/release.v1   1      2m59s
ingress-nginx   secret/ingress-nginx-admission         Opaque               3      8m31s
mysql           secret/mysql-secrets                   Opaque               3      21h
todoapp         secret/app-secret                      Opaque               5      21h

NAMESPACE   NAME                                        CLASS    HOSTS   ADDRESS     PORTS   AGE
todoapp     ingress.networking.k8s.io/todoapp-ingress   <none>   *       localhost   80      21h
